// Jest Snapshot v1, https://goo.gl/fbAQLP

exports[`DuckComponent Snapshot 1`] = `
<div
  className="duck-component"
>
  <div
    className="button default-button"
    onClick={[Function]}
  >
    Open Form
  </div>
</div>
`;
